\BOOKMARK [0][-]{chapter*.1}{\376\377\000D\000e\000d\000i\000c\000a\000t\000i\000o\000n}{}% 1
\BOOKMARK [0][-]{chapter*.2}{\376\377\000A\000c\000k\000n\000o\000w\000l\000e\000d\000g\000m\000e\000n\000t}{}% 2
\BOOKMARK [0][-]{chapter*.3}{\376\377\000A\000b\000s\000t\000r\000a\000c\000t}{}% 3
\BOOKMARK [0][-]{chapter*.4}{\376\377\000R\000\351\000s\000u\000m\000\351}{}% 4
\BOOKMARK [0][-]{chapter*.6}{\376\377\000L\000i\000s\000t\000\040\000o\000f\000\040\000F\000i\000g\000u\000r\000e\000s}{}% 5
\BOOKMARK [0][-]{chapter*.7}{\376\377\000L\000i\000s\000t\000\040\000o\000f\000\040\000T\000a\000b\000l\000e\000s}{}% 6
\BOOKMARK [0][-]{chapter*.8}{\376\377\000L\000i\000s\000t\000\040\000o\000f\000\040\000A\000b\000b\000r\000e\000v\000i\000a\000t\000i\000o\000n\000s}{}% 7
\BOOKMARK [0][-]{chapter.1}{\376\377\000O\000v\000e\000r\000v\000i\000e\000w\000\040\000o\000f\000\040\000t\000h\000e\000\040\000H\000o\000s\000t\000\040\000O\000r\000g\000a\000n\000i\000z\000a\000t\000i\000o\000n}{}% 8
\BOOKMARK [1][-]{section.1.1}{\376\377\000B\000a\000c\000k\000g\000r\000o\000u\000n\000d}{chapter.1}% 9
\BOOKMARK [2][-]{subsection.1.1.1}{\376\377\000D\000i\000g\000i\000t\000a\000l\000\040\000T\000r\000a\000n\000s\000f\000o\000r\000m\000a\000t\000i\000o\000n\000\040\000i\000n\000\040\000H\000e\000a\000l\000t\000h\000c\000a\000r\000e\000\040\000S\000y\000s\000t\000e\000m\000s}{section.1.1}% 10
\BOOKMARK [2][-]{subsection.1.1.2}{\376\377\000I\000m\000p\000o\000r\000t\000a\000n\000c\000e\000\040\000o\000f\000\040\000D\000a\000t\000a\000-\000D\000r\000i\000v\000e\000n\000\040\000C\000l\000i\000n\000i\000c\000a\000l\000\040\000D\000e\000c\000i\000s\000i\000o\000n\000\040\000S\000u\000p\000p\000o\000r\000t}{section.1.1}% 11
\BOOKMARK [1][-]{section.1.2}{\376\377\000H\000o\000s\000t\000\040\000O\000r\000g\000a\000n\000i\000z\000a\000t\000i\000o\000n}{chapter.1}% 12
\BOOKMARK [2][-]{subsection.1.2.1}{\376\377\000S\000i\000d\000i\000\040\000M\000o\000h\000a\000m\000e\000d\000\040\000B\000e\000n\000\040\000A\000b\000d\000e\000l\000l\000a\000h\000\040\000U\000n\000i\000v\000e\000r\000s\000i\000t\000y}{section.1.2}% 13
\BOOKMARK [2][-]{subsection.1.2.2}{\376\377\000F\000a\000c\000u\000l\000t\000y\000\040\000o\000f\000\040\000M\000e\000d\000i\000c\000i\000n\000e\000,\000\040\000P\000h\000a\000r\000m\000a\000c\000y\000\040\000a\000n\000d\000\040\000D\000e\000n\000t\000i\000s\000t\000r\000y\000\040\000\050\000F\000M\000P\000D\000F\000\051}{section.1.2}% 14
\BOOKMARK [2][-]{subsection.1.2.3}{\376\377\000H\000e\000a\000l\000t\000h\000\040\000A\000r\000t\000i\000f\000i\000c\000i\000a\000l\000\040\000I\000n\000t\000e\000l\000l\000i\000g\000e\000n\000c\000e\000\040\000\046\000\040\000M\000o\000d\000e\000l\000i\000n\000g\000\040\000C\000e\000n\000t\000e\000r\000\040\000\050\000H\000A\000I\000M\000\051}{section.1.2}% 15
\BOOKMARK [1][-]{section.1.3}{\376\377\000M\000e\000d\000i\000c\000a\000l\000\040\000C\000o\000n\000t\000e\000x\000t}{chapter.1}% 16
\BOOKMARK [2][-]{subsection.1.3.1}{\376\377\000K\000i\000d\000n\000e\000y\000\040\000D\000i\000s\000e\000a\000s\000e\000\040\000a\000n\000d\000\040\000D\000i\000a\000l\000y\000s\000i\000s}{section.1.3}% 17
\BOOKMARK [2][-]{subsection.1.3.2}{\376\377\000M\000o\000r\000t\000a\000l\000i\000t\000y\000\040\000R\000i\000s\000k\000\040\000C\000h\000a\000l\000l\000e\000n\000g\000e\000s}{section.1.3}% 18
\BOOKMARK [1][-]{section.1.4}{\376\377\000P\000r\000o\000b\000l\000e\000m\000\040\000S\000t\000a\000t\000e\000m\000e\000n\000t}{chapter.1}% 19
\BOOKMARK [2][-]{subsection.1.4.1}{\376\377\000R\000a\000w\000\040\000H\000o\000s\000p\000i\000t\000a\000l\000\040\000D\000a\000t\000a\000\040\000i\000s\000\040\000U\000n\000d\000e\000r\000u\000t\000i\000l\000i\000z\000e\000d}{section.1.4}% 20
\BOOKMARK [2][-]{subsection.1.4.2}{\376\377\000L\000a\000c\000k\000\040\000o\000f\000\040\000P\000r\000e\000d\000i\000c\000t\000i\000v\000e\000\040\000T\000o\000o\000l\000s\000\040\000f\000o\000r\000\040\000M\000o\000r\000t\000a\000l\000i\000t\000y\000\040\000R\000i\000s\000k}{section.1.4}% 21
\BOOKMARK [2][-]{subsection.1.4.3}{\376\377\000D\000a\000t\000a\000\040\000H\000e\000t\000e\000r\000o\000g\000e\000n\000e\000i\000t\000y\000\040\000a\000n\000d\000\040\000Q\000u\000a\000l\000i\000t\000y\000\040\000I\000s\000s\000u\000e\000s}{section.1.4}% 22
\BOOKMARK [1][-]{section.1.5}{\376\377\000P\000r\000o\000j\000e\000c\000t\000\040\000O\000b\000j\000e\000c\000t\000i\000v\000e\000s}{chapter.1}% 23
\BOOKMARK [2][-]{subsection.1.5.1}{\376\377\000G\000e\000n\000e\000r\000a\000l\000\040\000O\000b\000j\000e\000c\000t\000i\000v\000e}{section.1.5}% 24
\BOOKMARK [2][-]{subsection.1.5.2}{\376\377\000S\000p\000e\000c\000i\000f\000i\000c\000\040\000O\000b\000j\000e\000c\000t\000i\000v\000e\000s}{section.1.5}% 25
\BOOKMARK [1][-]{section.1.6}{\376\377\000M\000e\000t\000h\000o\000d\000o\000l\000o\000g\000y}{chapter.1}% 26
\BOOKMARK [2][-]{subsection.1.6.1}{\376\377\000A\000g\000i\000l\000e\000\040\000A\000p\000p\000r\000o\000a\000c\000h}{section.1.6}% 27
\BOOKMARK [2][-]{subsection.1.6.2}{\376\377\000I\000t\000e\000r\000a\000t\000i\000v\000e\000\040\000D\000e\000v\000e\000l\000o\000p\000m\000e\000n\000t}{section.1.6}% 28
\BOOKMARK [2][-]{subsection.1.6.3}{\376\377\000T\000a\000s\000k\000\040\000M\000a\000n\000a\000g\000e\000m\000e\000n\000t\000\040\000w\000i\000t\000h\000\040\000T\000r\000e\000l\000l\000o}{section.1.6}% 29
\BOOKMARK [0][-]{chapter.2}{\376\377\000S\000t\000a\000t\000e\000\040\000o\000f\000\040\000t\000h\000e\000\040\000A\000r\000t}{}% 30
\BOOKMARK [1][-]{section.2.1}{\376\377\000C\000l\000i\000n\000i\000c\000a\000l\000\040\000D\000e\000c\000i\000s\000i\000o\000n\000\040\000S\000u\000p\000p\000o\000r\000t\000\040\000S\000y\000s\000t\000e\000m\000s}{chapter.2}% 31
\BOOKMARK [1][-]{section.2.2}{\376\377\000H\000e\000a\000l\000t\000h\000c\000a\000r\000e\000\040\000D\000a\000t\000a\000\040\000E\000n\000g\000i\000n\000e\000e\000r\000i\000n\000g}{chapter.2}% 32
\BOOKMARK [1][-]{section.2.3}{\376\377\000M\000a\000c\000h\000i\000n\000e\000\040\000L\000e\000a\000r\000n\000i\000n\000g\000\040\000i\000n\000\040\000M\000o\000r\000t\000a\000l\000i\000t\000y\000\040\000P\000r\000e\000d\000i\000c\000t\000i\000o\000n}{chapter.2}% 33
\BOOKMARK [1][-]{section.2.4}{\376\377\000F\000e\000a\000t\000u\000r\000e\000\040\000E\000n\000g\000i\000n\000e\000e\000r\000i\000n\000g\000\040\000i\000n\000\040\000M\000e\000d\000i\000c\000a\000l\000\040\000D\000a\000t\000a}{chapter.2}% 34
\BOOKMARK [1][-]{section.2.5}{\376\377\000E\000x\000i\000s\000t\000i\000n\000g\000\040\000D\000i\000a\000l\000y\000s\000i\000s\000\040\000P\000r\000e\000d\000i\000c\000t\000i\000o\000n\000\040\000M\000o\000d\000e\000l\000s}{chapter.2}% 35
\BOOKMARK [1][-]{section.2.6}{\376\377\000C\000r\000i\000t\000i\000c\000a\000l\000\040\000A\000n\000a\000l\000y\000s\000i\000s}{chapter.2}% 36
\BOOKMARK [2][-]{subsection.2.6.1}{\376\377\000L\000i\000m\000i\000t\000a\000t\000i\000o\000n\000s\000\040\000o\000f\000\040\000E\000x\000i\000s\000t\000i\000n\000g\000\040\000S\000y\000s\000t\000e\000m\000s}{section.2.6}% 37
\BOOKMARK [2][-]{subsection.2.6.2}{\376\377\000P\000o\000s\000i\000t\000i\000o\000n\000i\000n\000g\000\040\000o\000f\000\040\000t\000h\000e\000\040\000P\000r\000o\000p\000o\000s\000e\000d\000\040\000S\000o\000l\000u\000t\000i\000o\000n}{section.2.6}% 38
\BOOKMARK [0][-]{chapter.3}{\376\377\000G\000l\000o\000b\000a\000l\000\040\000S\000y\000s\000t\000e\000m\000\040\000A\000r\000c\000h\000i\000t\000e\000c\000t\000u\000r\000e}{}% 39
\BOOKMARK [1][-]{section.3.1}{\376\377\000O\000v\000e\000r\000v\000i\000e\000w\000\040\000o\000f\000\040\000t\000h\000e\000\040\000P\000l\000a\000t\000f\000o\000r\000m}{chapter.3}% 40
\BOOKMARK [1][-]{section.3.2}{\376\377\000A\000r\000c\000h\000i\000t\000e\000c\000t\000u\000r\000a\000l\000\040\000S\000t\000y\000l\000e}{chapter.3}% 41
\BOOKMARK [2][-]{subsection.3.2.1}{\376\377\000F\000u\000l\000l\000-\000S\000t\000a\000c\000k\000\040\000A\000r\000c\000h\000i\000t\000e\000c\000t\000u\000r\000e}{section.3.2}% 42
\BOOKMARK [2][-]{subsection.3.2.2}{\376\377\000I\000n\000t\000e\000g\000r\000a\000t\000e\000d\000\040\000D\000a\000t\000a\000\040\000P\000i\000p\000e\000l\000i\000n\000e}{section.3.2}% 43
\BOOKMARK [1][-]{section.3.3}{\376\377\000L\000a\000y\000e\000r\000e\000d\000\040\000A\000r\000c\000h\000i\000t\000e\000c\000t\000u\000r\000e}{chapter.3}% 44
\BOOKMARK [1][-]{section.3.4}{\376\377\000T\000e\000c\000h\000n\000o\000l\000o\000g\000y\000\040\000S\000t\000a\000c\000k}{chapter.3}% 45
\BOOKMARK [2][-]{subsection.3.4.1}{\376\377\000B\000a\000c\000k\000e\000n\000d\000:\000\040\000D\000j\000a\000n\000g\000o\000\040\000R\000E\000S\000T\000\040\000F\000r\000a\000m\000e\000w\000o\000r\000k}{section.3.4}% 46
\BOOKMARK [2][-]{subsection.3.4.2}{\376\377\000F\000r\000o\000n\000t\000e\000n\000d\000:\000\040\000R\000e\000a\000c\000t}{section.3.4}% 47
\BOOKMARK [2][-]{subsection.3.4.3}{\376\377\000D\000a\000t\000a\000b\000a\000s\000e\000:\000\040\000P\000o\000s\000t\000g\000r\000e\000S\000Q\000L}{section.3.4}% 48
\BOOKMARK [2][-]{subsection.3.4.4}{\376\377\000C\000o\000n\000t\000a\000i\000n\000e\000r\000i\000z\000a\000t\000i\000o\000n\000:\000\040\000D\000o\000c\000k\000e\000r}{section.3.4}% 49
\BOOKMARK [0][-]{chapter.4}{\376\377\000D\000a\000t\000a\000\040\000E\000n\000g\000i\000n\000e\000e\000r\000i\000n\000g\000\040\000P\000i\000p\000e\000l\000i\000n\000e}{}% 50
\BOOKMARK [1][-]{section.4.1}{\376\377\000D\000a\000t\000a\000\040\000S\000o\000u\000r\000c\000e\000s}{chapter.4}% 51
\BOOKMARK [2][-]{subsection.4.1.1}{\376\377\000H\000o\000s\000p\000i\000t\000a\000l\000\040\000P\000a\000t\000i\000e\000n\000t\000\040\000R\000e\000c\000o\000r\000d\000s}{section.4.1}% 52
\BOOKMARK [2][-]{subsection.4.1.2}{\376\377\000E\000x\000c\000e\000l\000\040\000/\000\040\000C\000S\000V\000\040\000I\000m\000p\000o\000r\000t\000s}{section.4.1}% 53
\BOOKMARK [2][-]{subsection.4.1.3}{\376\377\000P\000r\000e\000-\000C\000o\000m\000p\000u\000t\000e\000d\000\040\000C\000l\000i\000n\000i\000c\000a\000l\000\040\000A\000t\000t\000r\000i\000b\000u\000t\000e\000s}{section.4.1}% 54
\BOOKMARK [1][-]{section.4.2}{\376\377\000D\000a\000t\000a\000\040\000I\000n\000g\000e\000s\000t\000i\000o\000n}{chapter.4}% 55
\BOOKMARK [2][-]{subsection.4.2.1}{\376\377\000F\000i\000l\000e\000\040\000U\000p\000l\000o\000a\000d\000\040\000E\000n\000d\000p\000o\000i\000n\000t\000s}{section.4.2}% 56
\BOOKMARK [2][-]{subsection.4.2.2}{\376\377\000P\000a\000r\000s\000i\000n\000g\000\040\000w\000i\000t\000h\000\040\000P\000a\000n\000d\000a\000s}{section.4.2}% 57
\BOOKMARK [2][-]{subsection.4.2.3}{\376\377\000I\000m\000p\000o\000r\000t\000-\000T\000i\000m\000e\000\040\000N\000o\000r\000m\000a\000l\000i\000z\000a\000t\000i\000o\000n}{section.4.2}% 58
\BOOKMARK [1][-]{section.4.3}{\376\377\000M\000a\000n\000u\000a\000l\000\040\000D\000a\000t\000a\000\040\000C\000u\000r\000a\000t\000i\000o\000n\000\040\000o\000f\000\040\000t\000h\000e\000\040\000H\000D\000-\0004\0007\0008\000\040\000D\000a\000t\000a\000s\000e\000t}{chapter.4}% 59
\BOOKMARK [2][-]{subsection.4.3.1}{\376\377\000O\000v\000e\000r\000v\000i\000e\000w\000\040\000o\000f\000\040\000M\000o\000d\000i\000f\000i\000c\000a\000t\000i\000o\000n\000s}{section.4.3}% 60
\BOOKMARK [2][-]{subsection.4.3.2}{\376\377\000C\000o\000l\000u\000m\000n\000\040\000R\000e\000s\000t\000r\000u\000c\000t\000u\000r\000i\000n\000g}{section.4.3}% 61
\BOOKMARK [2][-]{subsection.4.3.3}{\376\377\000D\000a\000t\000e\000\040\000C\000o\000n\000v\000e\000r\000s\000i\000o\000n\000\040\000f\000r\000o\000m\000\040\000E\000x\000c\000e\000l\000\040\000S\000e\000r\000i\000a\000l\000\040\000N\000u\000m\000b\000e\000r\000s}{section.4.3}% 62
\BOOKMARK [2][-]{subsection.4.3.4}{\376\377\000C\000o\000r\000r\000e\000c\000t\000i\000o\000n\000\040\000o\000f\000\040\000B\000i\000o\000l\000o\000g\000i\000c\000a\000l\000\040\000O\000u\000t\000l\000i\000e\000r\000s}{section.4.3}% 63
\BOOKMARK [2][-]{subsection.4.3.5}{\376\377\000D\000F\000G\000e\000\040\000M\000D\000R\000D\000\040\000R\000e\000c\000a\000l\000c\000u\000l\000a\000t\000i\000o\000n\000\040\000\050\0001\0000\0009\000\040\000v\000a\000l\000u\000e\000s\000\051}{section.4.3}% 64
\BOOKMARK [2][-]{subsection.4.3.6}{\376\377\000T\000e\000x\000t\000-\000t\000o\000-\000N\000u\000m\000e\000r\000i\000c\000\040\000C\000o\000n\000v\000e\000r\000s\000i\000o\000n\000s}{section.4.3}% 65
\BOOKMARK [2][-]{subsection.4.3.7}{\376\377\000C\000l\000e\000a\000n\000i\000n\000g\000\040\000o\000f\000\040\000'\000X\000'\000/\000'\000x\000'\000\040\000M\000a\000r\000k\000e\000r\000s\000\040\000i\000n\000\040\000E\000d\000u\000c\000a\000t\000i\000o\000n\000\040\000C\000o\000l\000u\000m\000n\000s}{section.4.3}% 66
\BOOKMARK [2][-]{subsection.4.3.8}{\376\377\000L\000o\000g\000i\000c\000a\000l\000\040\000N\000a\000N\000\040\000I\000m\000p\000u\000t\000a\000t\000i\000o\000n\000\040\000f\000o\000r\000\040\000T\000r\000a\000n\000s\000p\000l\000a\000n\000t\000\040\000B\000i\000n\000a\000r\000y\000\040\000V\000a\000r\000i\000a\000b\000l\000e\000s}{section.4.3}% 67
\BOOKMARK [2][-]{subsection.4.3.9}{\376\377\000L\000o\000g\000i\000c\000a\000l\000\040\000R\000e\000c\000o\000d\000i\000n\000g\000s\000\040\000a\000n\000d\000\040\000M\000o\000d\000a\000l\000i\000t\000y\000\040\000C\000o\000r\000r\000e\000c\000t\000i\000o\000n\000s}{section.4.3}% 68
\BOOKMARK [2][-]{subsection.4.3.10}{\376\377\000F\000i\000n\000a\000l\000\040\000D\000a\000t\000a\000s\000e\000t\000\040\000S\000t\000r\000u\000c\000t\000u\000r\000e}{section.4.3}% 69
\BOOKMARK [2][-]{subsection.4.3.11}{\376\377\000Q\000u\000a\000n\000t\000i\000t\000a\000t\000i\000v\000e\000\040\000S\000u\000m\000m\000a\000r\000y\000\040\000o\000f\000\040\000M\000a\000n\000u\000a\000l\000\040\000C\000u\000r\000a\000t\000i\000o\000n}{section.4.3}% 70
\BOOKMARK [1][-]{section.4.4}{\376\377\000D\000a\000t\000a\000\040\000S\000t\000o\000r\000a\000g\000e\000\040\000\046\000\040\000S\000c\000h\000e\000m\000a\000\040\000D\000e\000s\000i\000g\000n}{chapter.4}% 71
\BOOKMARK [2][-]{subsection.4.4.1}{\376\377\000E\000n\000t\000i\000t\000y\000-\000R\000e\000l\000a\000t\000i\000o\000n\000s\000h\000i\000p\000\040\000D\000i\000a\000g\000r\000a\000m}{section.4.4}% 72
\BOOKMARK [2][-]{subsection.4.4.2}{\376\377\000P\000o\000s\000t\000g\000r\000e\000S\000Q\000L\000\040\000S\000c\000h\000e\000m\000a}{section.4.4}% 73
\BOOKMARK [2][-]{subsection.4.4.3}{\376\377\000F\000l\000e\000x\000i\000b\000l\000e\000\040\000S\000c\000h\000e\000m\000a\000\040\000w\000i\000t\000h\000\040\000e\000x\000t\000r\000a\000\137\000d\000a\000t\000a}{section.4.4}% 74
\BOOKMARK [2][-]{subsection.4.4.4}{\376\377\000D\000a\000t\000a\000\040\000S\000t\000r\000u\000c\000t\000u\000r\000i\000n\000g\000\040\000a\000n\000d\000\040\000P\000a\000y\000l\000o\000a\000d\000\040\000M\000a\000p\000p\000i\000n\000g}{section.4.4}% 75
\BOOKMARK [1][-]{section.4.5}{\376\377\000D\000a\000t\000a\000\040\000Q\000u\000a\000l\000i\000t\000y\000\040\000\046\000\040\000V\000a\000l\000i\000d\000a\000t\000i\000o\000n}{chapter.4}% 76
\BOOKMARK [2][-]{subsection.4.5.1}{\376\377\000V\000a\000l\000i\000d\000a\000t\000i\000o\000n\000\040\000R\000u\000l\000e\000s}{section.4.5}% 77
\BOOKMARK [2][-]{subsection.4.5.2}{\376\377\000A\000u\000d\000i\000t\000\040\000L\000o\000g\000s}{section.4.5}% 78
\BOOKMARK [1][-]{section.4.6}{\376\377\000D\000a\000t\000a\000\040\000E\000n\000g\000i\000n\000e\000e\000r\000i\000n\000g\000\040\000L\000a\000y\000e\000r}{chapter.4}% 79
\BOOKMARK [2][-]{subsection.4.6.1}{\376\377\000L\000L\000M\000-\000B\000a\000s\000e\000d\000\040\000A\000u\000t\000o\000m\000a\000t\000e\000d\000\040\000C\000l\000e\000a\000n\000i\000n\000g\000\040\000\050\000Q\000w\000e\000n\0002\000.\0005\000:\0001\0004\000B\000\051}{section.4.6}% 80
\BOOKMARK [2][-]{subsection.4.6.2}{\376\377\000R\000A\000G\000\040\000K\000n\000o\000w\000l\000e\000d\000g\000e\000\040\000B\000a\000s\000e\000\040\000\050\000C\000h\000r\000o\000m\000a\000D\000B\000\051}{section.4.6}% 81
\BOOKMARK [2][-]{subsection.4.6.3}{\376\377\000C\000e\000l\000e\000r\000y\000\040\000A\000s\000y\000n\000c\000h\000r\000o\000n\000o\000u\000s\000\040\000T\000a\000s\000k\000\040\000Q\000u\000e\000u\000e}{section.4.6}% 82
\BOOKMARK [1][-]{section.4.7}{\376\377\000F\000e\000a\000t\000u\000r\000e\000\040\000E\000n\000g\000i\000n\000e\000e\000r\000i\000n\000g}{chapter.4}% 83
\BOOKMARK [2][-]{subsection.4.7.1}{\376\377\000C\000l\000i\000n\000i\000c\000a\000l\000\040\000F\000e\000a\000t\000u\000r\000e\000\040\000E\000x\000t\000r\000a\000c\000t\000i\000o\000n}{section.4.7}% 84
\BOOKMARK [2][-]{subsection.4.7.2}{\376\377\000V\000a\000r\000i\000a\000b\000l\000e\000\040\000S\000e\000l\000e\000c\000t\000i\000o\000n\000\040\000a\000n\000d\000\040\000S\000H\000A\000P\000\040\000V\000a\000l\000i\000d\000a\000t\000i\000o\000n}{section.4.7}% 85
\BOOKMARK [2][-]{subsection.4.7.3}{\376\377\000D\000e\000r\000i\000v\000e\000d\000\040\000R\000i\000s\000k\000\040\000I\000n\000d\000i\000c\000a\000t\000o\000r\000s}{section.4.7}% 86
\BOOKMARK [1][-]{section.4.8}{\376\377\000D\000i\000s\000c\000u\000s\000s\000i\000o\000n}{chapter.4}% 87
\BOOKMARK [2][-]{subsection.4.8.1}{\376\377\000W\000h\000y\000\040\000N\000o\000\040\000E\000x\000t\000e\000r\000n\000a\000l\000\040\000E\000T\000L}{section.4.8}% 88
\BOOKMARK [2][-]{subsection.4.8.2}{\376\377\000I\000m\000p\000a\000c\000t\000\040\000o\000n\000\040\000M\000o\000d\000e\000l\000\040\000P\000e\000r\000f\000o\000r\000m\000a\000n\000c\000e}{section.4.8}% 89
\BOOKMARK [2][-]{subsection.4.8.3}{\376\377\000T\000r\000a\000d\000e\000-\000o\000f\000f\000s\000\040\000o\000f\000\040\000E\000m\000b\000e\000d\000d\000i\000n\000g\000\040\000P\000i\000p\000e\000l\000i\000n\000e\000\040\000i\000n\000\040\000B\000a\000c\000k\000e\000n\000d}{section.4.8}% 90
\BOOKMARK [0][-]{chapter.5}{\376\377\000M\000a\000c\000h\000i\000n\000e\000\040\000L\000e\000a\000r\000n\000i\000n\000g\000\040\000L\000a\000y\000e\000r}{}% 91
\BOOKMARK [1][-]{section.5.1}{\376\377\000M\000L\000\040\000A\000r\000c\000h\000i\000t\000e\000c\000t\000u\000r\000e}{chapter.5}% 92
\BOOKMARK [2][-]{subsection.5.1.1}{\376\377\000I\000n\000t\000e\000g\000r\000a\000t\000e\000d\000\040\000W\000i\000t\000h\000i\000n\000\040\000B\000a\000c\000k\000e\000n\000d}{section.5.1}% 93
\BOOKMARK [1][-]{section.5.2}{\376\377\000M\000o\000d\000e\000l\000s\000\040\000E\000v\000a\000l\000u\000a\000t\000e\000d}{chapter.5}% 94
\BOOKMARK [2][-]{subsection.5.2.1}{\376\377\000L\000o\000g\000i\000s\000t\000i\000c\000\040\000R\000e\000g\000r\000e\000s\000s\000i\000o\000n}{section.5.2}% 95
\BOOKMARK [2][-]{subsection.5.2.2}{\376\377\000S\000u\000p\000p\000o\000r\000t\000\040\000V\000e\000c\000t\000o\000r\000\040\000M\000a\000c\000h\000i\000n\000e\000\040\000\050\000L\000i\000n\000e\000a\000r\000\051}{section.5.2}% 96
\BOOKMARK [2][-]{subsection.5.2.3}{\376\377\000R\000a\000n\000d\000o\000m\000\040\000F\000o\000r\000e\000s\000t}{section.5.2}% 97
\BOOKMARK [2][-]{subsection.5.2.4}{\376\377\000L\000i\000n\000e\000a\000r\000\040\000D\000i\000s\000c\000r\000i\000m\000i\000n\000a\000n\000t\000\040\000A\000n\000a\000l\000y\000s\000i\000s\000\040\000\050\000L\000D\000A\000\051}{section.5.2}% 98
\BOOKMARK [2][-]{subsection.5.2.5}{\376\377\000L\000A\000S\000S\000O\000\040\000\050\000L\0001\000\040\000L\000o\000g\000i\000s\000t\000i\000c\000\040\000R\000e\000g\000r\000e\000s\000s\000i\000o\000n\000\051}{section.5.2}% 99
\BOOKMARK [2][-]{subsection.5.2.6}{\376\377\000X\000G\000B\000o\000o\000s\000t}{section.5.2}% 100
\BOOKMARK [1][-]{section.5.3}{\376\377\000F\000e\000a\000t\000u\000r\000e\000\040\000P\000r\000e\000p\000r\000o\000c\000e\000s\000s\000i\000n\000g\000\040\000P\000i\000p\000e\000l\000i\000n\000e}{chapter.5}% 101
\BOOKMARK [2][-]{subsection.5.3.1}{\376\377\000M\000i\000s\000s\000i\000n\000g\000\040\000V\000a\000l\000u\000e\000\040\000I\000m\000p\000u\000t\000a\000t\000i\000o\000n\000\040\000\050\000K\000N\000N\000\051}{section.5.3}% 102
\BOOKMARK [2][-]{subsection.5.3.2}{\376\377\000C\000a\000t\000e\000g\000o\000r\000i\000c\000a\000l\000\040\000E\000n\000c\000o\000d\000i\000n\000g}{section.5.3}% 103
\BOOKMARK [2][-]{subsection.5.3.3}{\376\377\000P\000o\000w\000e\000r\000\040\000T\000r\000a\000n\000s\000f\000o\000r\000m\000a\000t\000i\000o\000n\000\040\000a\000n\000d\000\040\000S\000t\000a\000n\000d\000a\000r\000d\000i\000z\000a\000t\000i\000o\000n}{section.5.3}% 104
\BOOKMARK [1][-]{section.5.4}{\376\377\000T\000r\000a\000i\000n\000i\000n\000g\000\040\000P\000i\000p\000e\000l\000i\000n\000e}{chapter.5}% 105
\BOOKMARK [2][-]{subsection.5.4.1}{\376\377\000D\000a\000t\000a\000\040\000P\000r\000e\000p\000a\000r\000a\000t\000i\000o\000n}{section.5.4}% 106
\BOOKMARK [2][-]{subsection.5.4.2}{\376\377\000C\000l\000a\000s\000s\000\040\000I\000m\000b\000a\000l\000a\000n\000c\000e\000\040\000H\000a\000n\000d\000l\000i\000n\000g}{section.5.4}% 107
\BOOKMARK [2][-]{subsection.5.4.3}{\376\377\000H\000y\000p\000e\000r\000p\000a\000r\000a\000m\000e\000t\000e\000r\000\040\000T\000u\000n\000i\000n\000g}{section.5.4}% 108
\BOOKMARK [2][-]{subsection.5.4.4}{\376\377\000M\000o\000d\000e\000l\000\040\000S\000e\000l\000e\000c\000t\000i\000o\000n\000\040\000C\000r\000i\000t\000e\000r\000i\000o\000n}{section.5.4}% 109
\BOOKMARK [1][-]{section.5.5}{\376\377\000M\000o\000d\000e\000l\000\040\000C\000o\000m\000p\000a\000r\000i\000s\000o\000n\000\040\000a\000n\000d\000\040\000R\000e\000s\000u\000l\000t\000s}{chapter.5}% 110
\BOOKMARK [2][-]{subsection.5.5.1}{\376\377\000V\000i\000s\000u\000a\000l\000\040\000P\000e\000r\000f\000o\000r\000m\000a\000n\000c\000e\000\040\000A\000n\000a\000l\000y\000s\000i\000s}{section.5.5}% 111
\BOOKMARK [1][-]{section.5.6}{\376\377\000M\000o\000d\000e\000l\000\040\000S\000e\000l\000e\000c\000t\000i\000o\000n\000:\000\040\000W\000h\000y\000\040\000S\000V\000M\000?}{chapter.5}% 112
\BOOKMARK [2][-]{subsection.5.6.1}{\376\377\000P\000e\000r\000f\000o\000r\000m\000a\000n\000c\000e\000\040\000o\000n\000\040\000A\000l\000l\000\040\000M\000e\000t\000r\000i\000c\000s}{section.5.6}% 113
\BOOKMARK [2][-]{subsection.5.6.2}{\376\377\000S\000u\000i\000t\000a\000b\000i\000l\000i\000t\000y\000\040\000f\000o\000r\000\040\000S\000m\000a\000l\000l\000\040\000C\000l\000i\000n\000i\000c\000a\000l\000\040\000D\000a\000t\000a\000s\000e\000t\000s}{section.5.6}% 114
\BOOKMARK [2][-]{subsection.5.6.3}{\376\377\000C\000l\000i\000n\000i\000c\000a\000l\000\040\000I\000n\000t\000e\000r\000p\000r\000e\000t\000a\000b\000i\000l\000i\000t\000y}{section.5.6}% 115
\BOOKMARK [2][-]{subsection.5.6.4}{\376\377\000R\000e\000g\000u\000l\000a\000t\000o\000r\000y\000\040\000S\000i\000m\000p\000l\000i\000c\000i\000t\000y}{section.5.6}% 116
\BOOKMARK [1][-]{section.5.7}{\376\377\000P\000r\000o\000b\000a\000b\000i\000l\000i\000t\000y\000\040\000C\000a\000l\000i\000b\000r\000a\000t\000i\000o\000n\000\040\000a\000n\000d\000\040\000R\000i\000s\000k\000\040\000Z\000o\000n\000e\000s}{chapter.5}% 117
\BOOKMARK [2][-]{subsection.5.7.1}{\376\377\000P\000r\000o\000b\000a\000b\000i\000l\000i\000t\000y\000\040\000C\000a\000l\000i\000b\000r\000a\000t\000i\000o\000n\000\040\040\024\000\040\000P\000l\000a\000t\000t\000\040\000S\000c\000a\000l\000i\000n\000g}{section.5.7}% 118
\BOOKMARK [2][-]{subsection.5.7.2}{\376\377\000R\000i\000s\000k\000\040\000Z\000o\000n\000e\000\040\000C\000l\000a\000s\000s\000i\000f\000i\000c\000a\000t\000i\000o\000n}{section.5.7}% 119
\BOOKMARK [1][-]{section.5.8}{\376\377\000P\000r\000e\000d\000i\000c\000t\000i\000o\000n\000\040\000W\000o\000r\000k\000f\000l\000o\000w}{chapter.5}% 120
\BOOKMARK [1][-]{section.5.9}{\376\377\000M\000o\000d\000e\000l\000\040\000E\000v\000a\000l\000u\000a\000t\000i\000o\000n\000\040\000M\000e\000t\000r\000i\000c\000s}{chapter.5}% 121
\BOOKMARK [2][-]{subsection.5.9.1}{\376\377\000A\000U\000C\000-\000R\000O\000C\000:\000\040\000D\000i\000s\000c\000r\000i\000m\000i\000n\000a\000t\000i\000o\000n\000\040\000A\000b\000i\000l\000i\000t\000y}{section.5.9}% 122
\BOOKMARK [2][-]{subsection.5.9.2}{\376\377\000P\000R\000-\000A\000U\000C\000\040\000a\000n\000d\000\040\000F\0001\000-\000s\000c\000o\000r\000e\000:\000\040\000P\000e\000r\000f\000o\000r\000m\000a\000n\000c\000e\000\040\000U\000n\000d\000e\000r\000\040\000C\000l\000a\000s\000s\000\040\000I\000m\000b\000a\000l\000a\000n\000c\000e}{section.5.9}% 123
\BOOKMARK [2][-]{subsection.5.9.3}{\376\377\000B\000r\000i\000e\000r\000\040\000S\000c\000o\000r\000e\000:\000\040\000P\000r\000o\000b\000a\000b\000i\000l\000i\000t\000y\000\040\000C\000a\000l\000i\000b\000r\000a\000t\000i\000o\000n\000\040\000Q\000u\000a\000l\000i\000t\000y}{section.5.9}% 124
\BOOKMARK [1][-]{section.5.10}{\376\377\000M\000o\000d\000e\000l\000\040\000G\000e\000n\000e\000r\000a\000l\000i\000z\000a\000t\000i\000o\000n\000\040\000a\000n\000d\000\040\000S\000t\000a\000t\000i\000s\000t\000i\000c\000a\000l\000\040\000V\000a\000l\000i\000d\000a\000t\000i\000o\000n}{chapter.5}% 125
\BOOKMARK [2][-]{subsection.5.10.1}{\376\377\000A\000b\000s\000e\000n\000c\000e\000\040\000o\000f\000\040\000O\000v\000e\000r\000f\000i\000t\000t\000i\000n\000g}{section.5.10}% 126
\BOOKMARK [2][-]{subsection.5.10.2}{\376\377\000S\000t\000a\000t\000i\000s\000t\000i\000c\000a\000l\000\040\000S\000i\000g\000n\000i\000f\000i\000c\000a\000n\000c\000e}{section.5.10}% 127
\BOOKMARK [2][-]{subsection.5.10.3}{\376\377\000N\000e\000s\000t\000e\000d\000\040\000C\000r\000o\000s\000s\000-\000V\000a\000l\000i\000d\000a\000t\000i\000o\000n}{section.5.10}% 128
\BOOKMARK [1][-]{section.5.11}{\376\377\000L\000i\000m\000i\000t\000a\000t\000i\000o\000n\000s\000\040\000o\000f\000\040\000t\000h\000e\000\040\000M\000L\000\040\000L\000a\000y\000e\000r}{chapter.5}% 129
\BOOKMARK [2][-]{subsection.5.11.1}{\376\377\000D\000a\000t\000a\000\040\000B\000i\000a\000s\000\040\000a\000n\000d\000\040\000E\000x\000t\000e\000r\000n\000a\000l\000\040\000V\000a\000l\000i\000d\000i\000t\000y}{section.5.11}% 130
\BOOKMARK [2][-]{subsection.5.11.2}{\376\377\000P\000o\000p\000u\000l\000a\000t\000i\000o\000n\000\040\000S\000p\000e\000c\000i\000f\000i\000c\000i\000t\000y}{section.5.11}% 131
\BOOKMARK [0][-]{chapter.6}{\376\377\000B\000a\000c\000k\000e\000n\000d\000\040\000\046\000\040\000F\000r\000o\000n\000t\000e\000n\000d\000\040\000I\000m\000p\000l\000e\000m\000e\000n\000t\000a\000t\000i\000o\000n}{}% 132
\BOOKMARK [1][-]{section.6.1}{\376\377\000B\000a\000c\000k\000e\000n\000d\000\040\000D\000e\000s\000i\000g\000n}{chapter.6}% 133
\BOOKMARK [2][-]{subsection.6.1.1}{\376\377\000D\000j\000a\000n\000g\000o\000\040\000A\000p\000p\000s\000\040\000S\000t\000r\000u\000c\000t\000u\000r\000e}{section.6.1}% 134
\BOOKMARK [2][-]{subsection.6.1.2}{\376\377\000C\000l\000a\000s\000s\000\040\000D\000i\000a\000g\000r\000a\000m}{section.6.1}% 135
\BOOKMARK [2][-]{subsection.6.1.3}{\376\377\000R\000E\000S\000T\000\040\000A\000P\000I\000\040\000E\000n\000d\000p\000o\000i\000n\000t\000s}{section.6.1}% 136
\BOOKMARK [1][-]{section.6.2}{\376\377\000A\000u\000t\000h\000e\000n\000t\000i\000c\000a\000t\000i\000o\000n\000\040\000\046\000\040\000S\000e\000c\000u\000r\000i\000t\000y}{chapter.6}% 137
\BOOKMARK [2][-]{subsection.6.2.1}{\376\377\000J\000W\000T\000\040\000A\000u\000t\000h\000e\000n\000t\000i\000c\000a\000t\000i\000o\000n}{section.6.2}% 138
\BOOKMARK [2][-]{subsection.6.2.2}{\376\377\000R\000o\000l\000e\000-\000B\000a\000s\000e\000d\000\040\000A\000c\000c\000e\000s\000s\000\040\000C\000o\000n\000t\000r\000o\000l\000\040\000\050\000R\000B\000A\000C\000\051}{section.6.2}% 139
\BOOKMARK [2][-]{subsection.6.2.3}{\376\377\000A\000d\000d\000i\000t\000i\000o\000n\000a\000l\000\040\000S\000e\000c\000u\000r\000i\000t\000y\000\040\000M\000e\000a\000s\000u\000r\000e\000s}{section.6.2}% 140
\BOOKMARK [1][-]{section.6.3}{\376\377\000A\000P\000I\000\040\000D\000e\000s\000i\000g\000n}{chapter.6}% 141
\BOOKMARK [2][-]{subsection.6.3.1}{\376\377\000D\000R\000F\000\040\000S\000e\000r\000i\000a\000l\000i\000z\000e\000r\000s\000\040\000a\000n\000d\000\040\000V\000a\000l\000i\000d\000a\000t\000i\000o\000n}{section.6.3}% 142
\BOOKMARK [2][-]{subsection.6.3.2}{\376\377\000F\000i\000l\000t\000e\000r\000i\000n\000g\000\040\000a\000n\000d\000\040\000S\000e\000a\000r\000c\000h}{section.6.3}% 143
\BOOKMARK [2][-]{subsection.6.3.3}{\376\377\000P\000r\000e\000d\000i\000c\000t\000i\000o\000n\000\040\000R\000e\000s\000p\000o\000n\000s\000e\000\040\000S\000t\000r\000u\000c\000t\000u\000r\000e}{section.6.3}% 144
\BOOKMARK [1][-]{section.6.4}{\376\377\000F\000r\000o\000n\000t\000e\000n\000d\000\040\000A\000r\000c\000h\000i\000t\000e\000c\000t\000u\000r\000e}{chapter.6}% 145
\BOOKMARK [2][-]{subsection.6.4.1}{\376\377\000R\000e\000a\000c\000t\000\040\000S\000t\000r\000u\000c\000t\000u\000r\000e}{section.6.4}% 146
\BOOKMARK [2][-]{subsection.6.4.2}{\376\377\000P\000a\000g\000e\000s\000\040\000a\000n\000d\000\040\000I\000n\000t\000e\000r\000f\000a\000c\000e\000s}{section.6.4}% 147
